2026-06-23 13:11:06.632: [INFO] VisibilityChanged: 0
2026-06-23 13:11:06.698: [INFO] RecordSyncInitDuration has_sync_been_enabled: 0 state: 0
2026-06-23 13:11:06.700: [INFO] RecordSyncInitDuration has_sync_been_enabled: 0 state: 0
2026-06-23 13:11:06.702: [INFO] RecordSyncInitDuration has_sync_been_enabled: 0 state: 0
2026-06-23 13:11:06.704: [INFO] RecordSyncInitDuration has_sync_been_enabled: 0 state: 0
2026-06-23 13:11:06.706: [INFO] RecordSyncInitDuration has_sync_been_enabled: 0 state: 0
2026-06-23 13:11:06.709: [INFO] RecordSyncInitDuration has_sync_been_enabled: 0 state: 0
2026-06-23 13:11:06.711: [INFO] RecordSyncInitDuration has_sync_been_enabled: 0 state: 0
2026-06-23 13:11:06.714: [INFO] RecordSyncInitDuration has_sync_been_enabled: 0 state: 0
2026-06-23 13:11:06.716: [INFO] RecordSyncInitDuration has_sync_been_enabled: 0 state: 0
2026-06-23 13:11:06.718: [INFO] RecordSyncInitDuration has_sync_been_enabled: 0 state: 0
2026-06-23 13:11:06.720: [INFO] RecordSyncInitDuration has_sync_been_enabled: 0 state: 0
2026-06-23 13:11:06.722: [INFO] RecordSyncInitDuration has_sync_been_enabled: 0 state: 0
2026-06-23 13:11:06.801: [INFO] RecordSyncInitDuration has_sync_been_enabled: 0 state: 0
2026-06-23 13:11:06.802: [INFO] BookmarkModelLoaded, ids_reassigned: 0
2026-06-23 13:11:06.802: [INFO] OnDoneLoading sync enabled: 0
2026-06-23 13:11:11.865: [INFO] RecordSyncInitDuration has_sync_been_enabled: 0 state: 0
2026-06-23 13:11:11.884: [INFO] RecordSyncInitDuration has_sync_been_enabled: 0 state: 3
2026-06-23 13:11:11.902: [INFO] Primary account changed.
2026-06-23 13:11:11.902: [INFO] OnPrimaryAccountChanged PrimaryAccountChangeEvent::Type::kSet
2026-06-23 13:11:11.910: [INFO] RecordSyncInitDuration has_sync_been_enabled: 0 state: 3
2026-06-23 13:11:11.949: [INFO] RecordSyncInitDuration has_sync_been_enabled: 0 state: 3
2026-06-23 13:11:19.135: [INFO] BookmarkNodeAdded, ABU: 0
2026-06-23 13:11:19.137: [INFO] BookmarkNodeAdded, ABU: 0
2026-06-23 13:11:19.138: [INFO] BookmarkNodeAdded, ABU: 0
2026-06-23 13:11:19.138: [INFO] BookmarkNodeAdded, ABU: 0
2026-06-23 13:11:19.142: [INFO] BookmarkNodeAdded, ABU: 0
2026-06-23 13:11:19.143: [INFO] BookmarkNodeAdded, ABU: 0
2026-06-23 13:11:19.144: [INFO] BookmarkNodeAdded, ABU: 0
2026-06-23 13:11:19.145: [INFO] BookmarkNodeAdded, ABU: 0
2026-06-23 13:11:19.146: [INFO] BookmarkNodeAdded, ABU: 0
2026-06-23 13:11:19.147: [INFO] BookmarkNodeAdded, ABU: 0
2026-06-23 13:11:19.148: [INFO] BookmarkNodeAdded, ABU: 0
2026-06-23 13:11:19.148: [INFO] BookmarkNodeAdded, ABU: 0
2026-06-23 13:11:19.149: [INFO] BookmarkNodeAdded, ABU: 0
2026-06-23 13:11:19.149: [INFO] BookmarkNodeAdded, ABU: 0
2026-06-23 13:11:19.150: [INFO] BookmarkNodeAdded, ABU: 0
2026-06-23 13:11:19.151: [INFO] BookmarkNodeAdded, ABU: 0
2026-06-23 13:11:19.151: [INFO] BookmarkNodeAdded, ABU: 0
2026-06-23 13:11:19.152: [INFO] BookmarkNodeAdded, ABU: 0
2026-06-23 13:11:19.153: [INFO] BookmarkNodeAdded, ABU: 0
2026-06-23 13:11:19.154: [INFO] BookmarkNodeAdded, ABU: 0
2026-06-23 13:11:19.155: [INFO] BookmarkNodeAdded, ABU: 0
2026-06-23 13:11:19.156: [INFO] BookmarkNodeAdded, ABU: 0
2026-06-23 13:11:19.157: [INFO] BookmarkNodeAdded, ABU: 0
2026-06-23 13:11:19.158: [INFO] BookmarkNodeAdded, ABU: 0
2026-06-23 13:11:19.160: [INFO] BookmarkNodeAdded, ABU: 0
2026-06-23 13:11:19.161: [INFO] BookmarkNodeAdded, ABU: 0
2026-06-23 13:11:19.161: [INFO] BookmarkNodeAdded, ABU: 0
2026-06-23 13:11:19.162: [INFO] BookmarkNodeAdded, ABU: 0
2026-06-23 13:11:19.162: [INFO] BookmarkNodeAdded, ABU: 0
2026-06-23 13:11:19.163: [INFO] BookmarkNodeAdded, ABU: 0
2026-06-23 13:11:19.164: [INFO] BookmarkNodeAdded, ABU: 0
2026-06-23 13:11:19.165: [INFO] BookmarkNodeAdded, ABU: 0
2026-06-23 13:11:19.166: [INFO] BookmarkNodeAdded, ABU: 0
2026-06-23 13:11:19.166: [INFO] BookmarkNodeAdded, ABU: 0
2026-06-23 13:11:19.167: [INFO] BookmarkNodeAdded, ABU: 0
2026-06-23 13:11:19.168: [INFO] BookmarkNodeAdded, ABU: 0
2026-06-23 13:11:19.169: [INFO] BookmarkNodeAdded, ABU: 0
2026-06-23 13:11:19.170: [INFO] BookmarkNodeAdded, ABU: 0
2026-06-23 13:11:19.171: [INFO] BookmarkNodeAdded, ABU: 0
2026-06-23 13:11:19.172: [INFO] BookmarkNodeAdded, ABU: 0
2026-06-23 13:11:19.173: [INFO] BookmarkNodeAdded, ABU: 0
2026-06-23 13:11:19.174: [INFO] BookmarkNodeAdded, ABU: 0
2026-06-23 13:11:19.175: [INFO] BookmarkNodeAdded, ABU: 0
2026-06-23 13:11:19.176: [INFO] BookmarkNodeAdded, ABU: 0
2026-06-23 13:11:19.177: [INFO] BookmarkNodeAdded, ABU: 0
2026-06-23 13:11:19.178: [INFO] BookmarkNodeAdded, ABU: 0
2026-06-23 13:11:19.179: [INFO] BookmarkNodeAdded, ABU: 0
2026-06-23 13:11:19.179: [INFO] BookmarkNodeAdded, ABU: 0
2026-06-23 13:11:19.180: [INFO] BookmarkNodeAdded, ABU: 0
2026-06-23 13:11:19.181: [INFO] BookmarkNodeAdded, ABU: 0
2026-06-23 13:11:19.182: [INFO] BookmarkNodeAdded, ABU: 0
2026-06-23 13:11:19.183: [INFO] BookmarkNodeAdded, ABU: 0
2026-06-23 13:11:19.184: [INFO] BookmarkNodeAdded, ABU: 0
2026-06-23 13:11:19.184: [INFO] BookmarkNodeAdded, ABU: 0
2026-06-23 13:11:19.185: [INFO] BookmarkNodeAdded, ABU: 0
2026-06-23 13:11:19.187: [INFO] BookmarkNodeAdded, ABU: 0
2026-06-23 13:11:19.188: [INFO] BookmarkNodeAdded, ABU: 0
2026-06-23 13:11:19.189: [INFO] BookmarkNodeAdded, ABU: 0
2026-06-23 13:11:19.189: [INFO] BookmarkNodeAdded, ABU: 0
2026-06-23 13:11:19.190: [INFO] BookmarkNodeAdded, ABU: 0
2026-06-23 13:11:19.192: [INFO] BookmarkNodeAdded, ABU: 0
2026-06-23 13:11:19.193: [INFO] BookmarkNodeAdded, ABU: 0
2026-06-23 13:11:19.194: [INFO] BookmarkNodeAdded, ABU: 0
2026-06-23 13:11:19.195: [INFO] BookmarkNodeAdded, ABU: 0
2026-06-23 13:11:19.195: [INFO] BookmarkNodeAdded, ABU: 0
2026-06-23 13:11:19.196: [INFO] BookmarkNodeAdded, ABU: 0
2026-06-23 13:11:19.197: [INFO] BookmarkNodeAdded, ABU: 0
2026-06-23 13:11:19.198: [INFO] BookmarkNodeAdded, ABU: 0
2026-06-23 13:11:19.199: [INFO] BookmarkNodeAdded, ABU: 0
2026-06-23 13:11:19.200: [INFO] BookmarkNodeAdded, ABU: 0
2026-06-23 13:11:19.200: [INFO] BookmarkNodeAdded, ABU: 0
2026-06-23 13:11:19.201: [INFO] BookmarkNodeAdded, ABU: 0
2026-06-23 13:11:19.202: [INFO] BookmarkNodeAdded, ABU: 0
2026-06-23 13:11:19.203: [INFO] BookmarkNodeAdded, ABU: 0
2026-06-23 13:11:19.204: [INFO] BookmarkNodeAdded, ABU: 0
2026-06-23 13:11:19.205: [INFO] BookmarkNodeAdded, ABU: 0
2026-06-23 13:11:19.206: [INFO] BookmarkNodeAdded, ABU: 0
2026-06-23 13:11:19.207: [INFO] BookmarkNodeAdded, ABU: 0
2026-06-23 13:11:19.208: [INFO] BookmarkNodeAdded, ABU: 0
2026-06-23 13:11:19.209: [INFO] BookmarkNodeAdded, ABU: 0
2026-06-23 13:11:19.210: [INFO] BookmarkNodeAdded, ABU: 0
2026-06-23 13:11:19.211: [INFO] BookmarkNodeAdded, ABU: 0
2026-06-23 13:11:19.211: [INFO] BookmarkNodeAdded, ABU: 0
2026-06-23 13:11:19.212: [INFO] BookmarkNodeAdded, ABU: 0
2026-06-23 13:11:19.213: [INFO] BookmarkNodeAdded, ABU: 0
2026-06-23 13:11:19.214: [INFO] BookmarkNodeAdded, ABU: 0
2026-06-23 13:11:19.215: [INFO] BookmarkNodeAdded, ABU: 0
2026-06-23 13:11:19.216: [INFO] BookmarkNodeAdded, ABU: 0
2026-06-23 13:11:19.217: [INFO] BookmarkNodeAdded, ABU: 0
2026-06-23 13:11:19.217: [INFO] BookmarkNodeAdded, ABU: 0
2026-06-23 13:11:19.217: [INFO] BookmarkNodeAdded, ABU: 0
2026-06-23 13:11:19.218: [INFO] BookmarkNodeAdded, ABU: 0
2026-06-23 13:11:19.219: [INFO] BookmarkNodeAdded, ABU: 0
2026-06-23 13:11:39.439: [INFO] Sync initialization duration: 26780ms
