{"logTime": "0623/131114", "correlationVector":"uHlp33aNDXp2/Tc18xesWT.1","action":"SyncServerConnectionManagerRequest", "result":"SYNC_SERVER_OK", "context":{"environment":"Prod_southeastasia_prod-s01-064-apac-southeastasia", "migrationStage":"NotStarted", "server":"akswtt00100001j"}}
{"logTime": "0623/131114", "correlationVector":"uHlp33aNDXp2/Tc18xesWT.2","action":"ProcessGetUpdates", "result":"Done", "context":{"dataType":"Encryption Keys", "deleted":"0", "process_failed_to_decrypt":"0", "process_pending_decryption":"0", "process_success":"1", "total":"1"}}
{"logTime": "0623/131115", "correlationVector":"PsplrqdD+cphvZz9d+sUXA","action":"SyncServerConnectionManagerRequest", "result":"SYNC_SERVER_OK", "context":{"environment":"", "migrationStage":"", "server":""}}
{"logTime": "0623/131115", "correlationVector":"PsplrqdD+cphvZz9d+sUXA.0","action":"EncryptionKeysFetcher.DownloadKeys:", "result":"Success", "context":Key count: 9, Last key timestamp: 2026-02-28T14:19:18Z}
{"logTime": "0623/131115", "correlationVector":"PsplrqdD+cphvZz9d+sUXA.1","action":"EncryptionKeysManager::SetEncryptionKeys:", "result":"Success", "context":Key names[9]:[WHRM8D5gLR3XVFQmcEcMubRn6vOELrx682DE9UOR3CgZEVVrSrUhTb3cBZHIbA+imTLAdPuaIZYxKVtWe1e8fA==][iz/c1/gTQ/3m7j0OkMzJO+jSpS0YHw6wSV4jugG1M4Ya3npoNPOILXWqrLUbL/gEM4QCR8r8AO1m7EfipA8Omw==][h3USpiCF0QcevUr/dMubkm3IhIiyPDl3/3+Zo48aNKS1VAYUBqb1RA8YzjFKbyQaOpDFMq4so88EgH5x+rSUwg==][z7lqt7n4fxoP9HYNpJOheps+h/VfEk2eMX1gUFA4Lkz7opB6cNtiYNl9gwBiGGexw/sAu1M1xxPB3zZyjv8l1Q==][pZRkBr6j4TT/5Ao0xbsYd1E3FFzrBGu+QsbPcW82nBVFyMdKbMxBQF3rE6Jo7tDg6Hrfd8GOCReMLtJO+iEerQ==][YOudPRsEFWXri67Z/lVA3vyzi34ifPEsSCVczgTlSraXhe9AjQgjPBbXYSQfip0oFl0SV24A/YkRjnPViiLnog==][moQ24i09HbKwmYvTjjAxfQnUf69PPCgQQCBwFPBPvJ/9V6KhxtXnIeJxXaAd1i3VRK8hQqb82ps7s0cF9U6CQg==][QzJbjshD5TnUnC5/x17guBj4xq0jjExUVZLwlmc5cT4NH5pKAE+GViofXIXPrzUWF9QKOhmaS3P9zmmlB6qLzQ==][F3pqrIhuKBRzqdOIR5oq5kNrFvGmbwJSQ8VjmEbljYLlAD2xxEabKLmkoCxUmlpcE7R/cX0TnyebanKzceF4CA==]}
{"logTime": "0623/131115", "correlationVector":"PsplrqdD+cphvZz9d+sUXA.2","action":"EncryptionKeysManager::SetEncryptionKeysWithTimestamps:", "result":"Success", "context":Key timestamps[9]:[2022-04-08T06:20:19Z][2022-10-05T17:38:07Z][2023-04-03T17:57:33Z][2023-09-30T21:05:41Z][2024-03-28T23:34:34Z][2024-09-25T06:04:42Z][2025-03-03T22:04:33Z][2025-09-01T13:57:27Z][2026-02-28T14:19:18Z]}
{"logTime": "0623/131115", "correlationVector":"uHlp33aNDXp2/Tc18xesWT","action":"Initial GetUpdates", "result":"", "context":Reason: NEW_CLIENT. cV=uHlp33aNDXp2/Tc18xesWT}
{"logTime": "0623/131115", "correlationVector":"uHlp33aNDXp2/Tc18xesWT.3","action":"GetUpdates Response", "result":"Success", "context":Received 1 update(s). cV=uHlp33aNDXp2/Tc18xesWT.0;server=akswtt00100001j;cloudType=Consumer;environment=Prod_southeastasia_prod-s01-064-apac-southeastasia;migrationStage=NotStarted}
{"logTime": "0623/131115", "correlationVector":"HyyMrB29OHeHfU1rWcikGO","action":"Initial GetUpdates", "result":"", "context":Reason: NEWLY_SUPPORTED_DATATYPE. cV=HyyMrB29OHeHfU1rWcikGO}
{"logTime": "0623/131117", "correlationVector":"HyyMrB29OHeHfU1rWcikGO.1","action":"SyncServerConnectionManagerRequest", "result":"SYNC_SERVER_OK", "context":{"environment":"Prod_southeastasia_prod-s01-064-apac-southeastasia", "migrationStage":"NotStarted", "server":"akswtt001000045"}}
{"logTime": "0623/131117", "correlationVector":"HyyMrB29OHeHfU1rWcikGO.2","action":"ProcessGetUpdates", "result":"Done", "context":{"dataType":"Preferences", "deleted":"0", "process_failed_to_decrypt":"0", "process_pending_decryption":"0", "process_success":"91", "total":"91"}}
{"logTime": "0623/131117", "correlationVector":"HyyMrB29OHeHfU1rWcikGO.3","action":"ProcessGetUpdates", "result":"Done", "context":{"dataType":"Passwords", "deleted":"129", "process_failed_to_decrypt":"0", "process_pending_decryption":"0", "process_success":"129", "total":"129"}}
{"logTime": "0623/131117", "correlationVector":"HyyMrB29OHeHfU1rWcikGO.4","action":"ProcessGetUpdates", "result":"Done", "context":{"dataType":"Device Info", "deleted":"0", "process_failed_to_decrypt":"0", "process_pending_decryption":"0", "process_success":"29", "total":"29"}}
{"logTime": "0623/131117", "correlationVector":"HyyMrB29OHeHfU1rWcikGO.5","action":"GetUpdates Response", "result":"Success", "context":Received 249 update(s). cV=HyyMrB29OHeHfU1rWcikGO.0;server=akswtt001000045;cloudType=Consumer;environment=Prod_southeastasia_prod-s01-064-apac-southeastasia;migrationStage=NotStarted Some updates remain.}
{"logTime": "0623/131117", "correlationVector":"ZdLZBxGG3iIodHrY5ZyH0m","action":"Initial GetUpdates", "result":"", "context":Reason: NEWLY_SUPPORTED_DATATYPE. cV=ZdLZBxGG3iIodHrY5ZyH0m}
{"logTime": "0623/131118", "correlationVector":"ZdLZBxGG3iIodHrY5ZyH0m.1","action":"SyncServerConnectionManagerRequest", "result":"SYNC_SERVER_OK", "context":{"environment":"Prod_southeastasia_prod-s01-064-apac-southeastasia", "migrationStage":"NotStarted", "server":"akswtt001000045"}}
{"logTime": "0623/131118", "correlationVector":"ZdLZBxGG3iIodHrY5ZyH0m.2","action":"ProcessGetUpdates", "result":"Done", "context":{"dataType":"Preferences", "deleted":"0", "process_failed_to_decrypt":"0", "process_pending_decryption":"0", "process_success":"47", "total":"47"}}
{"logTime": "0623/131118", "correlationVector":"ZdLZBxGG3iIodHrY5ZyH0m.3","action":"ProcessGetUpdates", "result":"Done", "context":{"dataType":"Passwords", "deleted":"0", "process_failed_to_decrypt":"0", "process_pending_decryption":"0", "process_success":"146", "total":"146"}}
{"logTime": "0623/131118", "correlationVector":"ZdLZBxGG3iIodHrY5ZyH0m.4","action":"ProcessGetUpdates", "result":"Done", "context":{"dataType":"Device Info", "deleted":"0", "process_failed_to_decrypt":"0", "process_pending_decryption":"0", "process_success":"27", "total":"27"}}
{"logTime": "0623/131118", "correlationVector":"ZdLZBxGG3iIodHrY5ZyH0m.5","action":"GetUpdates Response", "result":"Success", "context":Received 220 update(s). cV=ZdLZBxGG3iIodHrY5ZyH0m.0;server=akswtt001000045;cloudType=Consumer;environment=Prod_southeastasia_prod-s01-064-apac-southeastasia;migrationStage=NotStarted}
{"logTime": "0623/131118", "correlationVector":"UPFyrpr77cVOX8pnIu9m7Y","action":"Initial GetUpdates", "result":"", "context":Reason: NEWLY_SUPPORTED_DATATYPE. cV=UPFyrpr77cVOX8pnIu9m7Y}
{"logTime": "0623/131119", "correlationVector":"UPFyrpr77cVOX8pnIu9m7Y.1","action":"SyncServerConnectionManagerRequest", "result":"SYNC_SERVER_OK", "context":{"environment":"Prod_southeastasia_prod-s01-064-apac-southeastasia", "migrationStage":"NotStarted", "server":"akswtt001000032"}}
{"logTime": "0623/131119", "correlationVector":"UPFyrpr77cVOX8pnIu9m7Y.2","action":"ProcessGetUpdates", "result":"Done", "context":{"dataType":"Bookmarks", "deleted":"14", "process_failed_to_decrypt":"0", "process_pending_decryption":"0", "process_success":"113", "total":"113"}}
{"logTime": "0623/131119", "correlationVector":"UPFyrpr77cVOX8pnIu9m7Y.3","action":"GetUpdates Response", "result":"Success", "context":Received 113 update(s). cV=UPFyrpr77cVOX8pnIu9m7Y.0;server=akswtt001000032;cloudType=Consumer;environment=Prod_southeastasia_prod-s01-064-apac-southeastasia;migrationStage=NotStarted}
{"logTime": "0623/131119", "correlationVector":"r4n4XFIcQNz3mnO2FdJvSs","action":"Initial GetUpdates", "result":"", "context":Reason: NEWLY_SUPPORTED_DATATYPE. cV=r4n4XFIcQNz3mnO2FdJvSs}
{"logTime": "0623/131121", "correlationVector":"r4n4XFIcQNz3mnO2FdJvSs.1","action":"SyncServerConnectionManagerRequest", "result":"SYNC_SERVER_OK", "context":{"environment":"Prod_southeastasia_prod-s01-064-apac-southeastasia", "migrationStage":"NotStarted", "server":"akswtt001000045"}}
{"logTime": "0623/131121", "correlationVector":"r4n4XFIcQNz3mnO2FdJvSs.2","action":"ProcessGetUpdates", "result":"Done", "context":{"dataType":"Autofill Profiles", "deleted":"0", "process_failed_to_decrypt":"0", "process_pending_decryption":"0", "process_success":"3", "total":"3"}}
{"logTime": "0623/131121", "correlationVector":"r4n4XFIcQNz3mnO2FdJvSs.3","action":"ProcessGetUpdates", "result":"Done", "context":{"dataType":"Autofill", "deleted":"0", "process_failed_to_decrypt":"0", "process_pending_decryption":"0", "process_success":"202", "total":"202"}}
{"logTime": "0623/131121", "correlationVector":"r4n4XFIcQNz3mnO2FdJvSs.4","action":"ProcessGetUpdates", "result":"Done", "context":{"dataType":"Extensions", "deleted":"0", "process_failed_to_decrypt":"0", "process_pending_decryption":"0", "process_success":"2", "total":"2"}}
{"logTime": "0623/131121", "correlationVector":"r4n4XFIcQNz3mnO2FdJvSs.5","action":"ProcessGetUpdates", "result":"Done", "context":{"dataType":"Extension settings", "deleted":"0", "process_failed_to_decrypt":"0", "process_pending_decryption":"0", "process_success":"32", "total":"32"}}
{"logTime": "0623/131121", "correlationVector":"r4n4XFIcQNz3mnO2FdJvSs.6","action":"ProcessGetUpdates", "result":"Done", "context":{"dataType":"Web Apps", "deleted":"0", "process_failed_to_decrypt":"0", "process_pending_decryption":"0", "process_success":"5", "total":"5"}}
{"logTime": "0623/131121", "correlationVector":"r4n4XFIcQNz3mnO2FdJvSs.7","action":"ProcessGetUpdates", "result":"Done", "context":{"dataType":"Saved Tab Group", "deleted":"6", "process_failed_to_decrypt":"0", "process_pending_decryption":"0", "process_success":"6", "total":"6"}}
{"logTime": "0623/131121", "correlationVector":"r4n4XFIcQNz3mnO2FdJvSs.8","action":"GetUpdates Response", "result":"Success", "context":Received 250 update(s). cV=r4n4XFIcQNz3mnO2FdJvSs.0;server=akswtt001000045;cloudType=Consumer;environment=Prod_southeastasia_prod-s01-064-apac-southeastasia;migrationStage=NotStarted Some updates remain.}
{"logTime": "0623/131121", "correlationVector":"mdQpngTYLSUrJIQK0e4N9s","action":"Initial GetUpdates", "result":"", "context":Reason: NEWLY_SUPPORTED_DATATYPE. cV=mdQpngTYLSUrJIQK0e4N9s}
{"logTime": "0623/131122", "correlationVector":"mdQpngTYLSUrJIQK0e4N9s.1","action":"SyncServerConnectionManagerRequest", "result":"SYNC_SERVER_OK", "context":{"environment":"Prod_southeastasia_prod-s01-064-apac-southeastasia", "migrationStage":"NotStarted", "server":"akswtt00100002z"}}
{"logTime": "0623/131122", "correlationVector":"mdQpngTYLSUrJIQK0e4N9s.2","action":"ProcessGetUpdates", "result":"Done", "context":{"dataType":"Autofill Profiles", "deleted":"0", "process_failed_to_decrypt":"0", "process_pending_decryption":"0", "process_success":"1", "total":"1"}}
{"logTime": "0623/131122", "correlationVector":"mdQpngTYLSUrJIQK0e4N9s.3","action":"ProcessGetUpdates", "result":"Done", "context":{"dataType":"Autofill", "deleted":"0", "process_failed_to_decrypt":"0", "process_pending_decryption":"0", "process_success":"235", "total":"235"}}
{"logTime": "0623/131122", "correlationVector":"mdQpngTYLSUrJIQK0e4N9s.4","action":"ProcessGetUpdates", "result":"Done", "context":{"dataType":"Extensions", "deleted":"0", "process_failed_to_decrypt":"0", "process_pending_decryption":"0", "process_success":"2", "total":"2"}}
{"logTime": "0623/131122", "correlationVector":"mdQpngTYLSUrJIQK0e4N9s.5","action":"ProcessGetUpdates", "result":"Done", "context":{"dataType":"Sessions", "deleted":"11", "process_failed_to_decrypt":"0", "process_pending_decryption":"0", "process_success":"11", "total":"11"}}
{"logTime": "0623/131122", "correlationVector":"mdQpngTYLSUrJIQK0e4N9s.6","action":"ProcessGetUpdates", "result":"Done", "context":{"dataType":"Extension settings", "deleted":"0", "process_failed_to_decrypt":"0", "process_pending_decryption":"0", "process_success":"1", "total":"1"}}
{"logTime": "0623/131122", "correlationVector":"mdQpngTYLSUrJIQK0e4N9s.7","action":"GetUpdates Response", "result":"Success", "context":Received 250 update(s). cV=mdQpngTYLSUrJIQK0e4N9s.0;server=akswtt00100002z;cloudType=Consumer;environment=Prod_southeastasia_prod-s01-064-apac-southeastasia;migrationStage=NotStarted Some updates remain.}
{"logTime": "0623/131122", "correlationVector":"u/8mZGnrt1cWXuJLXyATk+","action":"Initial GetUpdates", "result":"", "context":Reason: NEWLY_SUPPORTED_DATATYPE. cV=u/8mZGnrt1cWXuJLXyATk+}
{"logTime": "0623/131124", "correlationVector":"u/8mZGnrt1cWXuJLXyATk+.1","action":"SyncServerConnectionManagerRequest", "result":"SYNC_SERVER_OK", "context":{"environment":"Prod_southeastasia_prod-s01-064-apac-southeastasia", "migrationStage":"NotStarted", "server":"akswtt00100004l"}}
{"logTime": "0623/131124", "correlationVector":"u/8mZGnrt1cWXuJLXyATk+.2","action":"ProcessGetUpdates", "result":"Done", "context":{"dataType":"Autofill", "deleted":"0", "process_failed_to_decrypt":"0", "process_pending_decryption":"0", "process_success":"17", "total":"17"}}
{"logTime": "0623/131124", "correlationVector":"u/8mZGnrt1cWXuJLXyATk+.3","action":"ProcessGetUpdates", "result":"Done", "context":{"dataType":"Sessions", "deleted":"231", "process_failed_to_decrypt":"0", "process_pending_decryption":"0", "process_success":"231", "total":"231"}}
{"logTime": "0623/131124", "correlationVector":"u/8mZGnrt1cWXuJLXyATk+.4","action":"ProcessGetUpdates", "result":"Done", "context":{"dataType":"Edge Hub App Usage", "deleted":"1", "process_failed_to_decrypt":"0", "process_pending_decryption":"0", "process_success":"2", "total":"2"}}
{"logTime": "0623/131124", "correlationVector":"u/8mZGnrt1cWXuJLXyATk+.5","action":"GetUpdates Response", "result":"Success", "context":Received 250 update(s). cV=u/8mZGnrt1cWXuJLXyATk+.0;server=akswtt00100004l;cloudType=Consumer;environment=Prod_southeastasia_prod-s01-064-apac-southeastasia;migrationStage=NotStarted Some updates remain.}
{"logTime": "0623/131124", "correlationVector":"plE4U/s9JoHGLE54BW+irI","action":"Initial GetUpdates", "result":"", "context":Reason: NEWLY_SUPPORTED_DATATYPE. cV=plE4U/s9JoHGLE54BW+irI}
{"logTime": "0623/131126", "correlationVector":"plE4U/s9JoHGLE54BW+irI.1","action":"SyncServerConnectionManagerRequest", "result":"SYNC_SERVER_OK", "context":{"environment":"Prod_southeastasia_prod-s01-064-apac-southeastasia", "migrationStage":"NotStarted", "server":"akswtt001000030"}}
{"logTime": "0623/131126", "correlationVector":"plE4U/s9JoHGLE54BW+irI.2","action":"ProcessGetUpdates", "result":"Done", "context":{"dataType":"Autofill Profiles", "deleted":"0", "process_failed_to_decrypt":"0", "process_pending_decryption":"0", "process_success":"1", "total":"1"}}
{"logTime": "0623/131126", "correlationVector":"plE4U/s9JoHGLE54BW+irI.3","action":"ProcessGetUpdates", "result":"Done", "context":{"dataType":"Autofill", "deleted":"0", "process_failed_to_decrypt":"0", "process_pending_decryption":"0", "process_success":"28", "total":"28"}}
{"logTime": "0623/131126", "correlationVector":"plE4U/s9JoHGLE54BW+irI.4","action":"ProcessGetUpdates", "result":"Done", "context":{"dataType":"Sessions", "deleted":"218", "process_failed_to_decrypt":"0", "process_pending_decryption":"0", "process_success":"218", "total":"218"}}
{"logTime": "0623/131126", "correlationVector":"plE4U/s9JoHGLE54BW+irI.5","action":"ProcessGetUpdates", "result":"Done", "context":{"dataType":"Edge Hub App Usage", "deleted":"0", "process_failed_to_decrypt":"0", "process_pending_decryption":"0", "process_success":"3", "total":"3"}}
{"logTime": "0623/131126", "correlationVector":"plE4U/s9JoHGLE54BW+irI.6","action":"GetUpdates Response", "result":"Success", "context":Received 250 update(s). cV=plE4U/s9JoHGLE54BW+irI.0;server=akswtt001000030;cloudType=Consumer;environment=Prod_southeastasia_prod-s01-064-apac-southeastasia;migrationStage=NotStarted Some updates remain.}
{"logTime": "0623/131126", "correlationVector":"BH0KIyAanA/KJ5wGh6gTth","action":"Initial GetUpdates", "result":"", "context":Reason: NEWLY_SUPPORTED_DATATYPE. cV=BH0KIyAanA/KJ5wGh6gTth}
{"logTime": "0623/131127", "correlationVector":"BH0KIyAanA/KJ5wGh6gTth.1","action":"SyncServerConnectionManagerRequest", "result":"SYNC_SERVER_OK", "context":{"environment":"Prod_southeastasia_prod-s01-064-apac-southeastasia", "migrationStage":"NotStarted", "server":"akswtt00100004o"}}
{"logTime": "0623/131127", "correlationVector":"BH0KIyAanA/KJ5wGh6gTth.2","action":"ProcessGetUpdates", "result":"Done", "context":{"dataType":"Autofill Profiles", "deleted":"0", "process_failed_to_decrypt":"0", "process_pending_decryption":"0", "process_success":"1", "total":"1"}}
{"logTime": "0623/131127", "correlationVector":"BH0KIyAanA/KJ5wGh6gTth.3","action":"ProcessGetUpdates", "result":"Done", "context":{"dataType":"Autofill", "deleted":"0", "process_failed_to_decrypt":"0", "process_pending_decryption":"0", "process_success":"34", "total":"34"}}
{"logTime": "0623/131127", "correlationVector":"BH0KIyAanA/KJ5wGh6gTth.4","action":"ProcessGetUpdates", "result":"Done", "context":{"dataType":"Extensions", "deleted":"0", "process_failed_to_decrypt":"0", "process_pending_decryption":"0", "process_success":"1", "total":"1"}}
{"logTime": "0623/131127", "correlationVector":"BH0KIyAanA/KJ5wGh6gTth.5","action":"ProcessGetUpdates", "result":"Done", "context":{"dataType":"Sessions", "deleted":"211", "process_failed_to_decrypt":"0", "process_pending_decryption":"0", "process_success":"211", "total":"211"}}
{"logTime": "0623/131127", "correlationVector":"BH0KIyAanA/KJ5wGh6gTth.6","action":"ProcessGetUpdates", "result":"Done", "context":{"dataType":"Edge Hub App Usage", "deleted":"3", "process_failed_to_decrypt":"0", "process_pending_decryption":"0", "process_success":"3", "total":"3"}}
{"logTime": "0623/131127", "correlationVector":"BH0KIyAanA/KJ5wGh6gTth.7","action":"GetUpdates Response", "result":"Success", "context":Received 250 update(s). cV=BH0KIyAanA/KJ5wGh6gTth.0;server=akswtt00100004o;cloudType=Consumer;environment=Prod_southeastasia_prod-s01-064-apac-southeastasia;migrationStage=NotStarted Some updates remain.}
{"logTime": "0623/131127", "correlationVector":"sLxvcDIy6je2K8VD53o0LS","action":"Initial GetUpdates", "result":"", "context":Reason: NEWLY_SUPPORTED_DATATYPE. cV=sLxvcDIy6je2K8VD53o0LS}
{"logTime": "0623/131129", "correlationVector":"sLxvcDIy6je2K8VD53o0LS.1","action":"SyncServerConnectionManagerRequest", "result":"SYNC_SERVER_OK", "context":{"environment":"Prod_southeastasia_prod-s01-064-apac-southeastasia", "migrationStage":"NotStarted", "server":"akswtt001000030"}}
{"logTime": "0623/131129", "correlationVector":"sLxvcDIy6je2K8VD53o0LS.2","action":"ProcessGetUpdates", "result":"Done", "context":{"dataType":"Autofill", "deleted":"0", "process_failed_to_decrypt":"0", "process_pending_decryption":"0", "process_success":"48", "total":"48"}}
{"logTime": "0623/131129", "correlationVector":"sLxvcDIy6je2K8VD53o0LS.3","action":"ProcessGetUpdates", "result":"Done", "context":{"dataType":"Sessions", "deleted":"200", "process_failed_to_decrypt":"0", "process_pending_decryption":"0", "process_success":"200", "total":"200"}}
{"logTime": "0623/131129", "correlationVector":"sLxvcDIy6je2K8VD53o0LS.4","action":"ProcessGetUpdates", "result":"Done", "context":{"dataType":"Edge Hub App Usage", "deleted":"1", "process_failed_to_decrypt":"0", "process_pending_decryption":"0", "process_success":"2", "total":"2"}}
{"logTime": "0623/131129", "correlationVector":"sLxvcDIy6je2K8VD53o0LS.5","action":"GetUpdates Response", "result":"Success", "context":Received 250 update(s). cV=sLxvcDIy6je2K8VD53o0LS.0;server=akswtt001000030;cloudType=Consumer;environment=Prod_southeastasia_prod-s01-064-apac-southeastasia;migrationStage=NotStarted Some updates remain.}
{"logTime": "0623/131129", "correlationVector":"n2kv0w7gsfYMHl1L2oqkUa","action":"Initial GetUpdates", "result":"", "context":Reason: NEWLY_SUPPORTED_DATATYPE. cV=n2kv0w7gsfYMHl1L2oqkUa}
{"logTime": "0623/131131", "correlationVector":"n2kv0w7gsfYMHl1L2oqkUa.1","action":"SyncServerConnectionManagerRequest", "result":"SYNC_SERVER_OK", "context":{"environment":"Prod_southeastasia_prod-s01-064-apac-southeastasia", "migrationStage":"NotStarted", "server":"akswtt00100003j"}}
{"logTime": "0623/131131", "correlationVector":"n2kv0w7gsfYMHl1L2oqkUa.2","action":"ProcessGetUpdates", "result":"Done", "context":{"dataType":"Autofill", "deleted":"0", "process_failed_to_decrypt":"0", "process_pending_decryption":"0", "process_success":"36", "total":"36"}}
{"logTime": "0623/131131", "correlationVector":"n2kv0w7gsfYMHl1L2oqkUa.3","action":"ProcessGetUpdates", "result":"Done", "context":{"dataType":"Sessions", "deleted":"214", "process_failed_to_decrypt":"0", "process_pending_decryption":"0", "process_success":"214", "total":"214"}}
{"logTime": "0623/131131", "correlationVector":"n2kv0w7gsfYMHl1L2oqkUa.4","action":"GetUpdates Response", "result":"Success", "context":Received 250 update(s). cV=n2kv0w7gsfYMHl1L2oqkUa.0;server=akswtt00100003j;cloudType=Consumer;environment=Prod_southeastasia_prod-s01-064-apac-southeastasia;migrationStage=NotStarted Some updates remain.}
{"logTime": "0623/131131", "correlationVector":"vE3ZeTgBT2dZqD7owcumGZ","action":"Initial GetUpdates", "result":"", "context":Reason: NEWLY_SUPPORTED_DATATYPE. cV=vE3ZeTgBT2dZqD7owcumGZ}
{"logTime": "0623/131133", "correlationVector":"vE3ZeTgBT2dZqD7owcumGZ.1","action":"SyncServerConnectionManagerRequest", "result":"SYNC_SERVER_OK", "context":{"environment":"Prod_southeastasia_prod-s01-064-apac-southeastasia", "migrationStage":"NotStarted", "server":"akswtt00100001j"}}
{"logTime": "0623/131133", "correlationVector":"vE3ZeTgBT2dZqD7owcumGZ.2","action":"ProcessGetUpdates", "result":"Done", "context":{"dataType":"Autofill", "deleted":"0", "process_failed_to_decrypt":"0", "process_pending_decryption":"0", "process_success":"19", "total":"19"}}
{"logTime": "0623/131133", "correlationVector":"vE3ZeTgBT2dZqD7owcumGZ.3","action":"ProcessGetUpdates", "result":"Done", "context":{"dataType":"Extensions", "deleted":"1", "process_failed_to_decrypt":"0", "process_pending_decryption":"0", "process_success":"1", "total":"1"}}
{"logTime": "0623/131133", "correlationVector":"vE3ZeTgBT2dZqD7owcumGZ.4","action":"ProcessGetUpdates", "result":"Done", "context":{"dataType":"Sessions", "deleted":"224", "process_failed_to_decrypt":"0", "process_pending_decryption":"0", "process_success":"224", "total":"224"}}
{"logTime": "0623/131133", "correlationVector":"vE3ZeTgBT2dZqD7owcumGZ.5","action":"ProcessGetUpdates", "result":"Done", "context":{"dataType":"Web Apps", "deleted":"1", "process_failed_to_decrypt":"0", "process_pending_decryption":"0", "process_success":"1", "total":"1"}}
{"logTime": "0623/131133", "correlationVector":"vE3ZeTgBT2dZqD7owcumGZ.6","action":"ProcessGetUpdates", "result":"Done", "context":{"dataType":"Edge Hub App Usage", "deleted":"0", "process_failed_to_decrypt":"0", "process_pending_decryption":"0", "process_success":"5", "total":"5"}}
{"logTime": "0623/131133", "correlationVector":"vE3ZeTgBT2dZqD7owcumGZ.7","action":"GetUpdates Response", "result":"Success", "context":Received 250 update(s). cV=vE3ZeTgBT2dZqD7owcumGZ.0;server=akswtt00100001j;cloudType=Consumer;environment=Prod_southeastasia_prod-s01-064-apac-southeastasia;migrationStage=NotStarted Some updates remain.}
{"logTime": "0623/131133", "correlationVector":"K3spSr2Go6ykYs7cKZ9/e7","action":"Initial GetUpdates", "result":"", "context":Reason: NEWLY_SUPPORTED_DATATYPE. cV=K3spSr2Go6ykYs7cKZ9/e7}
{"logTime": "0623/131134", "correlationVector":"K3spSr2Go6ykYs7cKZ9/e7.1","action":"SyncServerConnectionManagerRequest", "result":"SYNC_SERVER_OK", "context":{"environment":"Prod_southeastasia_prod-s01-064-apac-southeastasia", "migrationStage":"NotStarted", "server":"akswtt00100003p"}}
{"logTime": "0623/131134", "correlationVector":"K3spSr2Go6ykYs7cKZ9/e7.2","action":"ProcessGetUpdates", "result":"Done", "context":{"dataType":"Autofill", "deleted":"0", "process_failed_to_decrypt":"0", "process_pending_decryption":"0", "process_success":"31", "total":"31"}}
{"logTime": "0623/131134", "correlationVector":"K3spSr2Go6ykYs7cKZ9/e7.3","action":"ProcessGetUpdates", "result":"Done", "context":{"dataType":"Extensions", "deleted":"0", "process_failed_to_decrypt":"0", "process_pending_decryption":"0", "process_success":"2", "total":"2"}}
{"logTime": "0623/131134", "correlationVector":"K3spSr2Go6ykYs7cKZ9/e7.4","action":"ProcessGetUpdates", "result":"Done", "context":{"dataType":"Sessions", "deleted":"217", "process_failed_to_decrypt":"0", "process_pending_decryption":"0", "process_success":"217", "total":"217"}}
{"logTime": "0623/131134", "correlationVector":"K3spSr2Go6ykYs7cKZ9/e7.5","action":"GetUpdates Response", "result":"Success", "context":Received 250 update(s). cV=K3spSr2Go6ykYs7cKZ9/e7.0;server=akswtt00100003p;cloudType=Consumer;environment=Prod_southeastasia_prod-s01-064-apac-southeastasia;migrationStage=NotStarted Some updates remain.}
{"logTime": "0623/131134", "correlationVector":"o29pccUP5gNjklfMtJjtyf","action":"Initial GetUpdates", "result":"", "context":Reason: NEWLY_SUPPORTED_DATATYPE. cV=o29pccUP5gNjklfMtJjtyf}
{"logTime": "0623/131137", "correlationVector":"o29pccUP5gNjklfMtJjtyf.1","action":"SyncServerConnectionManagerRequest", "result":"SYNC_SERVER_OK", "context":{"environment":"Prod_southeastasia_prod-s01-064-apac-southeastasia", "migrationStage":"NotStarted", "server":"akswtt001000045"}}
{"logTime": "0623/131137", "correlationVector":"o29pccUP5gNjklfMtJjtyf.2","action":"ProcessGetUpdates", "result":"Done", "context":{"dataType":"Autofill Profiles", "deleted":"0", "process_failed_to_decrypt":"0", "process_pending_decryption":"0", "process_success":"1", "total":"1"}}
{"logTime": "0623/131137", "correlationVector":"o29pccUP5gNjklfMtJjtyf.3","action":"ProcessGetUpdates", "result":"Done", "context":{"dataType":"Autofill", "deleted":"0", "process_failed_to_decrypt":"0", "process_pending_decryption":"0", "process_success":"43", "total":"43"}}
{"logTime": "0623/131137", "correlationVector":"o29pccUP5gNjklfMtJjtyf.4","action":"ProcessGetUpdates", "result":"Done", "context":{"dataType":"Sessions", "deleted":"203", "process_failed_to_decrypt":"0", "process_pending_decryption":"0", "process_success":"203", "total":"203"}}
{"logTime": "0623/131137", "correlationVector":"o29pccUP5gNjklfMtJjtyf.5","action":"ProcessGetUpdates", "result":"Done", "context":{"dataType":"Edge Hub App Usage", "deleted":"0", "process_failed_to_decrypt":"0", "process_pending_decryption":"0", "process_success":"3", "total":"3"}}
{"logTime": "0623/131137", "correlationVector":"o29pccUP5gNjklfMtJjtyf.6","action":"GetUpdates Response", "result":"Success", "context":Received 250 update(s). cV=o29pccUP5gNjklfMtJjtyf.0;server=akswtt001000045;cloudType=Consumer;environment=Prod_southeastasia_prod-s01-064-apac-southeastasia;migrationStage=NotStarted Some updates remain.}
{"logTime": "0623/131137", "correlationVector":"PSzIbL/n1MHf3M0oUxmS5x","action":"Initial GetUpdates", "result":"", "context":Reason: NEWLY_SUPPORTED_DATATYPE. cV=PSzIbL/n1MHf3M0oUxmS5x}
{"logTime": "0623/131138", "correlationVector":"PSzIbL/n1MHf3M0oUxmS5x.1","action":"SyncServerConnectionManagerRequest", "result":"SYNC_SERVER_OK", "context":{"environment":"Prod_southeastasia_prod-s01-064-apac-southeastasia", "migrationStage":"NotStarted", "server":"akswtt00100000s"}}
{"logTime": "0623/131138", "correlationVector":"PSzIbL/n1MHf3M0oUxmS5x.2","action":"ProcessGetUpdates", "result":"Done", "context":{"dataType":"Autofill", "deleted":"0", "process_failed_to_decrypt":"0", "process_pending_decryption":"0", "process_success":"80", "total":"80"}}
{"logTime": "0623/131138", "correlationVector":"PSzIbL/n1MHf3M0oUxmS5x.3","action":"ProcessGetUpdates", "result":"Done", "context":{"dataType":"Sessions", "deleted":"166", "process_failed_to_decrypt":"0", "process_pending_decryption":"0", "process_success":"166", "total":"166"}}
{"logTime": "0623/131138", "correlationVector":"PSzIbL/n1MHf3M0oUxmS5x.4","action":"ProcessGetUpdates", "result":"Done", "context":{"dataType":"Edge Hub App Usage", "deleted":"0", "process_failed_to_decrypt":"0", "process_pending_decryption":"0", "process_success":"4", "total":"4"}}
{"logTime": "0623/131138", "correlationVector":"PSzIbL/n1MHf3M0oUxmS5x.5","action":"GetUpdates Response", "result":"Success", "context":Received 250 update(s). cV=PSzIbL/n1MHf3M0oUxmS5x.0;server=akswtt00100000s;cloudType=Consumer;environment=Prod_southeastasia_prod-s01-064-apac-southeastasia;migrationStage=NotStarted Some updates remain.}
{"logTime": "0623/131138", "correlationVector":"QeWoKcNfB+seZ+lBW0wmj4","action":"Initial GetUpdates", "result":"", "context":Reason: NEWLY_SUPPORTED_DATATYPE. cV=QeWoKcNfB+seZ+lBW0wmj4}
{"logTime": "0623/131138", "correlationVector":"QeWoKcNfB+seZ+lBW0wmj4.1","action":"SyncServerConnectionManagerRequest", "result":"SYNC_SERVER_OK", "context":{"environment":"Prod_southeastasia_prod-s01-064-apac-southeastasia", "migrationStage":"NotStarted", "server":"akswtt00100004o"}}
{"logTime": "0623/131138", "correlationVector":"QeWoKcNfB+seZ+lBW0wmj4.2","action":"ProcessGetUpdates", "result":"Done", "context":{"dataType":"Autofill Profiles", "deleted":"0", "process_failed_to_decrypt":"0", "process_pending_decryption":"0", "process_success":"1", "total":"1"}}
{"logTime": "0623/131138", "correlationVector":"QeWoKcNfB+seZ+lBW0wmj4.3","action":"ProcessGetUpdates", "result":"Done", "context":{"dataType":"Autofill", "deleted":"0", "process_failed_to_decrypt":"0", "process_pending_decryption":"0", "process_success":"61", "total":"61"}}
{"logTime": "0623/131138", "correlationVector":"QeWoKcNfB+seZ+lBW0wmj4.4","action":"ProcessGetUpdates", "result":"Done", "context":{"dataType":"Extensions", "deleted":"0", "process_failed_to_decrypt":"0", "process_pending_decryption":"0", "process_success":"2", "total":"2"}}
{"logTime": "0623/131138", "correlationVector":"QeWoKcNfB+seZ+lBW0wmj4.5","action":"ProcessGetUpdates", "result":"Done", "context":{"dataType":"Sessions", "deleted":"174", "process_failed_to_decrypt":"0", "process_pending_decryption":"0", "process_success":"179", "total":"179"}}
{"logTime": "0623/131138", "correlationVector":"QeWoKcNfB+seZ+lBW0wmj4.6","action":"ProcessGetUpdates", "result":"Done", "context":{"dataType":"Edge Hub App Usage", "deleted":"0", "process_failed_to_decrypt":"0", "process_pending_decryption":"0", "process_success":"7", "total":"7"}}
{"logTime": "0623/131138", "correlationVector":"QeWoKcNfB+seZ+lBW0wmj4.7","action":"GetUpdates Response", "result":"Success", "context":Received 250 update(s). cV=QeWoKcNfB+seZ+lBW0wmj4.0;server=akswtt00100004o;cloudType=Consumer;environment=Prod_southeastasia_prod-s01-064-apac-southeastasia;migrationStage=NotStarted Some updates remain.}
{"logTime": "0623/131138", "correlationVector":"8Kv+8esYncKdaPVRpcBSWk","action":"Initial GetUpdates", "result":"", "context":Reason: NEWLY_SUPPORTED_DATATYPE. cV=8Kv+8esYncKdaPVRpcBSWk}
{"logTime": "0623/131139", "correlationVector":"8Kv+8esYncKdaPVRpcBSWk.1","action":"SyncServerConnectionManagerRequest", "result":"SYNC_SERVER_OK", "context":{"environment":"Prod_southeastasia_prod-s01-064-apac-southeastasia", "migrationStage":"NotStarted", "server":"akswtt00100002j"}}
{"logTime": "0623/131139", "correlationVector":"8Kv+8esYncKdaPVRpcBSWk.2","action":"ProcessGetUpdates", "result":"Done", "context":{"dataType":"Autofill Profiles", "deleted":"0", "process_failed_to_decrypt":"0", "process_pending_decryption":"0", "process_success":"1", "total":"1"}}
{"logTime": "0623/131139", "correlationVector":"8Kv+8esYncKdaPVRpcBSWk.3","action":"ProcessGetUpdates", "result":"Done", "context":{"dataType":"Autofill", "deleted":"0", "process_failed_to_decrypt":"0", "process_pending_decryption":"0", "process_success":"41", "total":"41"}}
{"logTime": "0623/131139", "correlationVector":"8Kv+8esYncKdaPVRpcBSWk.4","action":"ProcessGetUpdates", "result":"Done", "context":{"dataType":"Extensions", "deleted":"0", "process_failed_to_decrypt":"0", "process_pending_decryption":"0", "process_success":"3", "total":"3"}}
{"logTime": "0623/131139", "correlationVector":"8Kv+8esYncKdaPVRpcBSWk.5","action":"ProcessGetUpdates", "result":"Done", "context":{"dataType":"Sessions", "deleted":"184", "process_failed_to_decrypt":"0", "process_pending_decryption":"0", "process_success":"200", "total":"200"}}
{"logTime": "0623/131139", "correlationVector":"8Kv+8esYncKdaPVRpcBSWk.6","action":"ProcessGetUpdates", "result":"Done", "context":{"dataType":"Edge Hub App Usage", "deleted":"0", "process_failed_to_decrypt":"0", "process_pending_decryption":"0", "process_success":"5", "total":"5"}}
{"logTime": "0623/131139", "correlationVector":"8Kv+8esYncKdaPVRpcBSWk.7","action":"GetUpdates Response", "result":"Success", "context":Received 250 update(s). cV=8Kv+8esYncKdaPVRpcBSWk.0;server=akswtt00100002j;cloudType=Consumer;environment=Prod_southeastasia_prod-s01-064-apac-southeastasia;migrationStage=NotStarted Some updates remain.}
{"logTime": "0623/131139", "correlationVector":"cSlwrnnzW8/L70Gikv7+n2","action":"Initial GetUpdates", "result":"", "context":Reason: NEWLY_SUPPORTED_DATATYPE. cV=cSlwrnnzW8/L70Gikv7+n2}
{"logTime": "0623/131139", "correlationVector":"cSlwrnnzW8/L70Gikv7+n2.1","action":"SyncServerConnectionManagerRequest", "result":"SYNC_SERVER_OK", "context":{"environment":"Prod_southeastasia_prod-s01-064-apac-southeastasia", "migrationStage":"NotStarted", "server":"akswtt00100003j"}}
{"logTime": "0623/131139", "correlationVector":"cSlwrnnzW8/L70Gikv7+n2.2","action":"ProcessGetUpdates", "result":"Done", "context":{"dataType":"Autofill", "deleted":"0", "process_failed_to_decrypt":"0", "process_pending_decryption":"0", "process_success":"2", "total":"2"}}
{"logTime": "0623/131139", "correlationVector":"cSlwrnnzW8/L70Gikv7+n2.3","action":"ProcessGetUpdates", "result":"Done", "context":{"dataType":"Sessions", "deleted":"20", "process_failed_to_decrypt":"0", "process_pending_decryption":"0", "process_success":"29", "total":"29"}}
{"logTime": "0623/131139", "correlationVector":"cSlwrnnzW8/L70Gikv7+n2.4","action":"GetUpdates Response", "result":"Success", "context":Received 31 update(s). cV=cSlwrnnzW8/L70Gikv7+n2.0;server=akswtt00100003j;cloudType=Consumer;environment=Prod_southeastasia_prod-s01-064-apac-southeastasia;migrationStage=NotStarted}
{"logTime": "0623/131139", "correlationVector":"ZKmgYdN7MW8mQRZXvFMFyg","action":"Initial GetUpdates", "result":"", "context":Reason: NEWLY_SUPPORTED_DATATYPE. cV=ZKmgYdN7MW8mQRZXvFMFyg}
{"logTime": "0623/131140", "correlationVector":"ZKmgYdN7MW8mQRZXvFMFyg.1","action":"SyncServerConnectionManagerRequest", "result":"SYNC_SERVER_OK", "context":{"environment":"Prod_southeastasia_prod-s01-064-apac-southeastasia", "migrationStage":"NotStarted", "server":"akswtt00100000s"}}
{"logTime": "0623/131140", "correlationVector":"ZKmgYdN7MW8mQRZXvFMFyg.2","action":"ProcessGetUpdates", "result":"Done", "context":{"dataType":"History", "deleted":"0", "process_failed_to_decrypt":"0", "process_pending_decryption":"0", "process_success":"250", "total":"250"}}
{"logTime": "0623/131140", "correlationVector":"ZKmgYdN7MW8mQRZXvFMFyg.3","action":"GetUpdates Response", "result":"Success", "context":Received 250 update(s). cV=ZKmgYdN7MW8mQRZXvFMFyg.0;server=akswtt00100000s;cloudType=Consumer;environment=Prod_southeastasia_prod-s01-064-apac-southeastasia;migrationStage=NotStarted Some updates remain.}
{"logTime": "0623/131140", "correlationVector":"v2C/tvBIavq3kQZ5CcmcHp","action":"Initial GetUpdates", "result":"", "context":Reason: NEWLY_SUPPORTED_DATATYPE. cV=v2C/tvBIavq3kQZ5CcmcHp}
{"logTime": "0623/131141", "correlationVector":"v2C/tvBIavq3kQZ5CcmcHp.1","action":"SyncServerConnectionManagerRequest", "result":"SYNC_SERVER_OK", "context":{"environment":"Prod_southeastasia_prod-s01-064-apac-southeastasia", "migrationStage":"NotStarted", "server":"akswtt001000042"}}
{"logTime": "0623/131141", "correlationVector":"v2C/tvBIavq3kQZ5CcmcHp.2","action":"ProcessGetUpdates", "result":"Done", "context":{"dataType":"History", "deleted":"0", "process_failed_to_decrypt":"0", "process_pending_decryption":"0", "process_success":"250", "total":"250"}}
{"logTime": "0623/131141", "correlationVector":"v2C/tvBIavq3kQZ5CcmcHp.3","action":"GetUpdates Response", "result":"Success", "context":Received 250 update(s). cV=v2C/tvBIavq3kQZ5CcmcHp.0;server=akswtt001000042;cloudType=Consumer;environment=Prod_southeastasia_prod-s01-064-apac-southeastasia;migrationStage=NotStarted Some updates remain.}
{"logTime": "0623/131141", "correlationVector":"EVJd37IDiLbe4OncKzZ57P","action":"Initial GetUpdates", "result":"", "context":Reason: NEWLY_SUPPORTED_DATATYPE. cV=EVJd37IDiLbe4OncKzZ57P}
{"logTime": "0623/131143", "correlationVector":"EVJd37IDiLbe4OncKzZ57P.1","action":"SyncServerConnectionManagerRequest", "result":"SYNC_SERVER_OK", "context":{"environment":"Prod_southeastasia_prod-s01-064-apac-southeastasia", "migrationStage":"NotStarted", "server":"akswtt00100003j"}}
{"logTime": "0623/131143", "correlationVector":"EVJd37IDiLbe4OncKzZ57P.2","action":"ProcessGetUpdates", "result":"Done", "context":{"dataType":"History", "deleted":"0", "process_failed_to_decrypt":"0", "process_pending_decryption":"0", "process_success":"250", "total":"250"}}
{"logTime": "0623/131143", "correlationVector":"EVJd37IDiLbe4OncKzZ57P.3","action":"GetUpdates Response", "result":"Success", "context":Received 250 update(s). cV=EVJd37IDiLbe4OncKzZ57P.0;server=akswtt00100003j;cloudType=Consumer;environment=Prod_southeastasia_prod-s01-064-apac-southeastasia;migrationStage=NotStarted Some updates remain.}
{"logTime": "0623/131143", "correlationVector":"hynZ+1ZJfNWPV8DMKvCE7f","action":"Initial GetUpdates", "result":"", "context":Reason: NEWLY_SUPPORTED_DATATYPE. cV=hynZ+1ZJfNWPV8DMKvCE7f}
{"logTime": "0623/131144", "correlationVector":"hynZ+1ZJfNWPV8DMKvCE7f.1","action":"SyncServerConnectionManagerRequest", "result":"SYNC_SERVER_OK", "context":{"environment":"Prod_southeastasia_prod-s01-064-apac-southeastasia", "migrationStage":"NotStarted", "server":"akswtt00100000s"}}
{"logTime": "0623/131144", "correlationVector":"hynZ+1ZJfNWPV8DMKvCE7f.2","action":"ProcessGetUpdates", "result":"Done", "context":{"dataType":"History", "deleted":"0", "process_failed_to_decrypt":"0", "process_pending_decryption":"0", "process_success":"250", "total":"250"}}
{"logTime": "0623/131144", "correlationVector":"hynZ+1ZJfNWPV8DMKvCE7f.3","action":"GetUpdates Response", "result":"Success", "context":Received 250 update(s). cV=hynZ+1ZJfNWPV8DMKvCE7f.0;server=akswtt00100000s;cloudType=Consumer;environment=Prod_southeastasia_prod-s01-064-apac-southeastasia;migrationStage=NotStarted Some updates remain.}
{"logTime": "0623/131144", "correlationVector":"L0BkaI/Z3uf0pGQ+qHZ6rs","action":"Initial GetUpdates", "result":"", "context":Reason: NEWLY_SUPPORTED_DATATYPE. cV=L0BkaI/Z3uf0pGQ+qHZ6rs}
{"logTime": "0623/131145", "correlationVector":"L0BkaI/Z3uf0pGQ+qHZ6rs.1","action":"SyncServerConnectionManagerRequest", "result":"SYNC_SERVER_OK", "context":{"environment":"Prod_southeastasia_prod-s01-064-apac-southeastasia", "migrationStage":"NotStarted", "server":"akswtt001000042"}}
{"logTime": "0623/131145", "correlationVector":"L0BkaI/Z3uf0pGQ+qHZ6rs.2","action":"ProcessGetUpdates", "result":"Done", "context":{"dataType":"History", "deleted":"0", "process_failed_to_decrypt":"0", "process_pending_decryption":"0", "process_success":"250", "total":"250"}}
{"logTime": "0623/131145", "correlationVector":"L0BkaI/Z3uf0pGQ+qHZ6rs.3","action":"GetUpdates Response", "result":"Success", "context":Received 250 update(s). cV=L0BkaI/Z3uf0pGQ+qHZ6rs.0;server=akswtt001000042;cloudType=Consumer;environment=Prod_southeastasia_prod-s01-064-apac-southeastasia;migrationStage=NotStarted Some updates remain.}
{"logTime": "0623/131145", "correlationVector":"VmhLwAPTyUd3Cypgc/5Oq0","action":"Initial GetUpdates", "result":"", "context":Reason: NEWLY_SUPPORTED_DATATYPE. cV=VmhLwAPTyUd3Cypgc/5Oq0}
{"logTime": "0623/131147", "correlationVector":"VmhLwAPTyUd3Cypgc/5Oq0.1","action":"SyncServerConnectionManagerRequest", "result":"SYNC_SERVER_OK", "context":{"environment":"Prod_southeastasia_prod-s01-064-apac-southeastasia", "migrationStage":"NotStarted", "server":"akswtt00100004o"}}
{"logTime": "0623/131147", "correlationVector":"VmhLwAPTyUd3Cypgc/5Oq0.2","action":"ProcessGetUpdates", "result":"Done", "context":{"dataType":"History", "deleted":"0", "process_failed_to_decrypt":"0", "process_pending_decryption":"0", "process_success":"250", "total":"250"}}
{"logTime": "0623/131147", "correlationVector":"VmhLwAPTyUd3Cypgc/5Oq0.3","action":"GetUpdates Response", "result":"Success", "context":Received 250 update(s). cV=VmhLwAPTyUd3Cypgc/5Oq0.0;server=akswtt00100004o;cloudType=Consumer;environment=Prod_southeastasia_prod-s01-064-apac-southeastasia;migrationStage=NotStarted Some updates remain.}
{"logTime": "0623/131147", "correlationVector":"djy1QM5GnDJeW6ocfgCCF/","action":"Initial GetUpdates", "result":"", "context":Reason: NEWLY_SUPPORTED_DATATYPE. cV=djy1QM5GnDJeW6ocfgCCF/}
{"logTime": "0623/131148", "correlationVector":"djy1QM5GnDJeW6ocfgCCF/.1","action":"SyncServerConnectionManagerRequest", "result":"SYNC_SERVER_OK", "context":{"environment":"Prod_southeastasia_prod-s01-064-apac-southeastasia", "migrationStage":"NotStarted", "server":"akswtt00100003j"}}
{"logTime": "0623/131148", "correlationVector":"djy1QM5GnDJeW6ocfgCCF/.2","action":"ProcessGetUpdates", "result":"Done", "context":{"dataType":"History", "deleted":"0", "process_failed_to_decrypt":"0", "process_pending_decryption":"0", "process_success":"250", "total":"250"}}
{"logTime": "0623/131148", "correlationVector":"djy1QM5GnDJeW6ocfgCCF/.3","action":"GetUpdates Response", "result":"Success", "context":Received 250 update(s). cV=djy1QM5GnDJeW6ocfgCCF/.0;server=akswtt00100003j;cloudType=Consumer;environment=Prod_southeastasia_prod-s01-064-apac-southeastasia;migrationStage=NotStarted Some updates remain.}
{"logTime": "0623/131148", "correlationVector":"gzI1qevHjMJ0tKbeRjicLX","action":"Initial GetUpdates", "result":"", "context":Reason: NEWLY_SUPPORTED_DATATYPE. cV=gzI1qevHjMJ0tKbeRjicLX}
{"logTime": "0623/131149", "correlationVector":"gzI1qevHjMJ0tKbeRjicLX.1","action":"SyncServerConnectionManagerRequest", "result":"SYNC_SERVER_OK", "context":{"environment":"Prod_southeastasia_prod-s01-064-apac-southeastasia", "migrationStage":"NotStarted", "server":"akswtt001000016"}}
{"logTime": "0623/131149", "correlationVector":"gzI1qevHjMJ0tKbeRjicLX.2","action":"ProcessGetUpdates", "result":"Done", "context":{"dataType":"History", "deleted":"0", "process_failed_to_decrypt":"0", "process_pending_decryption":"0", "process_success":"250", "total":"250"}}
{"logTime": "0623/131149", "correlationVector":"gzI1qevHjMJ0tKbeRjicLX.3","action":"GetUpdates Response", "result":"Success", "context":Received 250 update(s). cV=gzI1qevHjMJ0tKbeRjicLX.0;server=akswtt001000016;cloudType=Consumer;environment=Prod_southeastasia_prod-s01-064-apac-southeastasia;migrationStage=NotStarted Some updates remain.}
{"logTime": "0623/131149", "correlationVector":"De0Qr4tDm1DDKEaV/rMZay","action":"Initial GetUpdates", "result":"", "context":Reason: NEWLY_SUPPORTED_DATATYPE. cV=De0Qr4tDm1DDKEaV/rMZay}
{"logTime": "0623/131150", "correlationVector":"De0Qr4tDm1DDKEaV/rMZay.1","action":"SyncServerConnectionManagerRequest", "result":"SYNC_SERVER_OK", "context":{"environment":"Prod_southeastasia_prod-s01-064-apac-southeastasia", "migrationStage":"NotStarted", "server":"akswtt00100003l"}}
{"logTime": "0623/131150", "correlationVector":"De0Qr4tDm1DDKEaV/rMZay.2","action":"ProcessGetUpdates", "result":"Done", "context":{"dataType":"History", "deleted":"0", "process_failed_to_decrypt":"0", "process_pending_decryption":"0", "process_success":"250", "total":"250"}}
{"logTime": "0623/131150", "correlationVector":"De0Qr4tDm1DDKEaV/rMZay.3","action":"GetUpdates Response", "result":"Success", "context":Received 250 update(s). cV=De0Qr4tDm1DDKEaV/rMZay.0;server=akswtt00100003l;cloudType=Consumer;environment=Prod_southeastasia_prod-s01-064-apac-southeastasia;migrationStage=NotStarted Some updates remain.}
{"logTime": "0623/131150", "correlationVector":"t20vZxgbxdyLgLTzNupbu5","action":"Initial GetUpdates", "result":"", "context":Reason: NEWLY_SUPPORTED_DATATYPE. cV=t20vZxgbxdyLgLTzNupbu5}
{"logTime": "0623/131151", "correlationVector":"t20vZxgbxdyLgLTzNupbu5.1","action":"SyncServerConnectionManagerRequest", "result":"SYNC_SERVER_OK", "context":{"environment":"Prod_southeastasia_prod-s01-064-apac-southeastasia", "migrationStage":"NotStarted", "server":"akswtt001000044"}}
{"logTime": "0623/131151", "correlationVector":"t20vZxgbxdyLgLTzNupbu5.2","action":"ProcessGetUpdates", "result":"Done", "context":{"dataType":"History", "deleted":"0", "process_failed_to_decrypt":"0", "process_pending_decryption":"0", "process_success":"250", "total":"250"}}
{"logTime": "0623/131151", "correlationVector":"t20vZxgbxdyLgLTzNupbu5.3","action":"GetUpdates Response", "result":"Success", "context":Received 250 update(s). cV=t20vZxgbxdyLgLTzNupbu5.0;server=akswtt001000044;cloudType=Consumer;environment=Prod_southeastasia_prod-s01-064-apac-southeastasia;migrationStage=NotStarted Some updates remain.}
{"logTime": "0623/131151", "correlationVector":"UlXG68joa8A1Pekx9TmrmQ","action":"Initial GetUpdates", "result":"", "context":Reason: NEWLY_SUPPORTED_DATATYPE. cV=UlXG68joa8A1Pekx9TmrmQ}
{"logTime": "0623/131152", "correlationVector":"UlXG68joa8A1Pekx9TmrmQ.1","action":"SyncServerConnectionManagerRequest", "result":"SYNC_SERVER_OK", "context":{"environment":"Prod_southeastasia_prod-s01-064-apac-southeastasia", "migrationStage":"NotStarted", "server":"akswtt00100004o"}}
{"logTime": "0623/131152", "correlationVector":"UlXG68joa8A1Pekx9TmrmQ.2","action":"ProcessGetUpdates", "result":"Done", "context":{"dataType":"History", "deleted":"0", "process_failed_to_decrypt":"0", "process_pending_decryption":"0", "process_success":"250", "total":"250"}}
{"logTime": "0623/131152", "correlationVector":"UlXG68joa8A1Pekx9TmrmQ.3","action":"GetUpdates Response", "result":"Success", "context":Received 250 update(s). cV=UlXG68joa8A1Pekx9TmrmQ.0;server=akswtt00100004o;cloudType=Consumer;environment=Prod_southeastasia_prod-s01-064-apac-southeastasia;migrationStage=NotStarted Some updates remain.}
{"logTime": "0623/131152", "correlationVector":"GMdruAp5M2V7qvuhVhcv+g","action":"Initial GetUpdates", "result":"", "context":Reason: NEWLY_SUPPORTED_DATATYPE. cV=GMdruAp5M2V7qvuhVhcv+g}
{"logTime": "0623/131153", "correlationVector":"GMdruAp5M2V7qvuhVhcv+g.1","action":"SyncServerConnectionManagerRequest", "result":"SYNC_SERVER_OK", "context":{"environment":"Prod_southeastasia_prod-s01-064-apac-southeastasia", "migrationStage":"NotStarted", "server":"akswtt001000032"}}
{"logTime": "0623/131153", "correlationVector":"GMdruAp5M2V7qvuhVhcv+g.2","action":"ProcessGetUpdates", "result":"Done", "context":{"dataType":"History", "deleted":"0", "process_failed_to_decrypt":"0", "process_pending_decryption":"0", "process_success":"250", "total":"250"}}
{"logTime": "0623/131153", "correlationVector":"GMdruAp5M2V7qvuhVhcv+g.3","action":"GetUpdates Response", "result":"Success", "context":Received 250 update(s). cV=GMdruAp5M2V7qvuhVhcv+g.0;server=akswtt001000032;cloudType=Consumer;environment=Prod_southeastasia_prod-s01-064-apac-southeastasia;migrationStage=NotStarted Some updates remain.}
{"logTime": "0623/131153", "correlationVector":"eSMu+mllyHnmhrVlXVL5Sd","action":"Initial GetUpdates", "result":"", "context":Reason: NEWLY_SUPPORTED_DATATYPE. cV=eSMu+mllyHnmhrVlXVL5Sd}
{"logTime": "0623/131155", "correlationVector":"eSMu+mllyHnmhrVlXVL5Sd.1","action":"SyncServerConnectionManagerRequest", "result":"SYNC_SERVER_OK", "context":{"environment":"Prod_southeastasia_prod-s01-064-apac-southeastasia", "migrationStage":"NotStarted", "server":"akswtt00100002x"}}
{"logTime": "0623/131155", "correlationVector":"eSMu+mllyHnmhrVlXVL5Sd.2","action":"ProcessGetUpdates", "result":"Done", "context":{"dataType":"History", "deleted":"0", "process_failed_to_decrypt":"0", "process_pending_decryption":"0", "process_success":"250", "total":"250"}}
{"logTime": "0623/131155", "correlationVector":"eSMu+mllyHnmhrVlXVL5Sd.3","action":"GetUpdates Response", "result":"Success", "context":Received 250 update(s). cV=eSMu+mllyHnmhrVlXVL5Sd.0;server=akswtt00100002x;cloudType=Consumer;environment=Prod_southeastasia_prod-s01-064-apac-southeastasia;migrationStage=NotStarted Some updates remain.}
{"logTime": "0623/131155", "correlationVector":"gqSzTMu5ZA6+on0m/6AWr6","action":"Initial GetUpdates", "result":"", "context":Reason: NEWLY_SUPPORTED_DATATYPE. cV=gqSzTMu5ZA6+on0m/6AWr6}
{"logTime": "0623/131156", "correlationVector":"gqSzTMu5ZA6+on0m/6AWr6.1","action":"SyncServerConnectionManagerRequest", "result":"SYNC_SERVER_OK", "context":{"environment":"Prod_southeastasia_prod-s01-064-apac-southeastasia", "migrationStage":"NotStarted", "server":"akswtt001000045"}}
{"logTime": "0623/131156", "correlationVector":"gqSzTMu5ZA6+on0m/6AWr6.2","action":"ProcessGetUpdates", "result":"Done", "context":{"dataType":"History", "deleted":"0", "process_failed_to_decrypt":"0", "process_pending_decryption":"0", "process_success":"250", "total":"250"}}
{"logTime": "0623/131156", "correlationVector":"gqSzTMu5ZA6+on0m/6AWr6.3","action":"GetUpdates Response", "result":"Success", "context":Received 250 update(s). cV=gqSzTMu5ZA6+on0m/6AWr6.0;server=akswtt001000045;cloudType=Consumer;environment=Prod_southeastasia_prod-s01-064-apac-southeastasia;migrationStage=NotStarted Some updates remain.}
{"logTime": "0623/131156", "correlationVector":"7Nasi3HjiEq2Inyf++3F/e","action":"Initial GetUpdates", "result":"", "context":Reason: NEWLY_SUPPORTED_DATATYPE. cV=7Nasi3HjiEq2Inyf++3F/e}
{"logTime": "0623/131157", "correlationVector":"7Nasi3HjiEq2Inyf++3F/e.1","action":"SyncServerConnectionManagerRequest", "result":"SYNC_SERVER_OK", "context":{"environment":"Prod_southeastasia_prod-s01-064-apac-southeastasia", "migrationStage":"NotStarted", "server":"akswtt00100004l"}}
{"logTime": "0623/131157", "correlationVector":"7Nasi3HjiEq2Inyf++3F/e.2","action":"ProcessGetUpdates", "result":"Done", "context":{"dataType":"History", "deleted":"0", "process_failed_to_decrypt":"0", "process_pending_decryption":"0", "process_success":"250", "total":"250"}}
{"logTime": "0623/131157", "correlationVector":"7Nasi3HjiEq2Inyf++3F/e.3","action":"GetUpdates Response", "result":"Success", "context":Received 250 update(s). cV=7Nasi3HjiEq2Inyf++3F/e.0;server=akswtt00100004l;cloudType=Consumer;environment=Prod_southeastasia_prod-s01-064-apac-southeastasia;migrationStage=NotStarted Some updates remain.}
{"logTime": "0623/131157", "correlationVector":"7EJBrLe47/EaNU8HhoFBy6","action":"Initial GetUpdates", "result":"", "context":Reason: NEWLY_SUPPORTED_DATATYPE. cV=7EJBrLe47/EaNU8HhoFBy6}
{"logTime": "0623/131158", "correlationVector":"7EJBrLe47/EaNU8HhoFBy6.1","action":"SyncServerConnectionManagerRequest", "result":"SYNC_SERVER_OK", "context":{"environment":"Prod_southeastasia_prod-s01-064-apac-southeastasia", "migrationStage":"NotStarted", "server":"akswtt00100000a"}}
{"logTime": "0623/131158", "correlationVector":"7EJBrLe47/EaNU8HhoFBy6.2","action":"ProcessGetUpdates", "result":"Done", "context":{"dataType":"History", "deleted":"0", "process_failed_to_decrypt":"0", "process_pending_decryption":"0", "process_success":"250", "total":"250"}}
{"logTime": "0623/131158", "correlationVector":"7EJBrLe47/EaNU8HhoFBy6.3","action":"GetUpdates Response", "result":"Success", "context":Received 250 update(s). cV=7EJBrLe47/EaNU8HhoFBy6.0;server=akswtt00100000a;cloudType=Consumer;environment=Prod_southeastasia_prod-s01-064-apac-southeastasia;migrationStage=NotStarted Some updates remain.}
{"logTime": "0623/131158", "correlationVector":"NuT+0WFA+7IN0AZ53VKNMr","action":"Initial GetUpdates", "result":"", "context":Reason: NEWLY_SUPPORTED_DATATYPE. cV=NuT+0WFA+7IN0AZ53VKNMr}
